// Jest Snapshot v1, https://goo.gl/fbAQLP

exports[`Accordion Component Renders with no default content expanded. 1`] = `
<ul>
  <li
    key="0"
  >
    <button
      onClick={[Function]}
    >
      Potatoes
    </button>
  </li>
  <li
    key="1"
  >
    <button
      onClick={[Function]}
    >
      Onions
    </button>
  </li>
  <li
    key="2"
  >
    <button
      onClick={[Function]}
    >
      Guitars
    </button>
  </li>
</ul>
`;

exports[`Accordion Component Returns empty list item, if nothing passed. 1`] = `<ul />`;
